Copyright 1986-2018 Xilinx, Inc. All Rights Reserved.
------------------------------------------------------------------------------------
| Tool Version : Vivado v.2018.3 (win64) Build 2405991 Thu Dec  6 23:38:27 MST 2018
| Date         : Fri Jul 31 09:41:30 2020
| Host         : DESKTOP-6MI8UE8 running 64-bit major release  (build 9200)
| Command      : report_control_sets -verbose -file Lab_13_control_sets_placed.rpt
| Design       : Lab_13
| Device       : xc7s15
------------------------------------------------------------------------------------

Control Set Information

Table of Contents
-----------------
1. Summary
2. Histogram
3. Flip-Flop Distribution
4. Detailed Control Set Information

1. Summary
----------

+----------------------------------------------------------+-------+
|                          Status                          | Count |
+----------------------------------------------------------+-------+
| Number of unique control sets                            |    16 |
| Unused register locations in slices containing registers |    58 |
+----------------------------------------------------------+-------+


2. Histogram
------------

+--------+--------------+
| Fanout | Control Sets |
+--------+--------------+
|      1 |            2 |
|      2 |            1 |
|      4 |            2 |
|      7 |            1 |
|     10 |            1 |
|     12 |            3 |
|    16+ |            6 |
+--------+--------------+


3. Flip-Flop Distribution
-------------------------

+--------------+-----------------------+------------------------+-----------------+--------------+
| Clock Enable | Synchronous Set/Reset | Asynchronous Set/Reset | Total Registers | Total Slices |
+--------------+-----------------------+------------------------+-----------------+--------------+
| No           | No                    | No                     |             114 |           42 |
| No           | No                    | Yes                    |               7 |            3 |
| No           | Yes                   | No                     |              90 |           32 |
| Yes          | No                    | No                     |              36 |           10 |
| Yes          | No                    | Yes                    |               0 |            0 |
| Yes          | Yes                   | No                     |              63 |           16 |
+--------------+-----------------------+------------------------+-----------------+--------------+


4. Detailed Control Set Information
-----------------------------------

+----------------------------------------+---------------------------------------------------+-------------------------------------------------------------------------------+------------------+----------------+
|              Clock Signal              |                   Enable Signal                   |                                Set/Reset Signal                               | Slice Load Count | Bel Load Count |
+----------------------------------------+---------------------------------------------------+-------------------------------------------------------------------------------+------------------+----------------+
|  Signal_Pulse_BUFG                     |                                                   |                                                                               |                1 |              1 |
|  Signal_Pulse_BUFG                     |                                                   | Driver_ADC0/Freq_Cal0/Delta_Clear_Flag                                        |                1 |              1 |
|  clk_10/inst/clk_out1                  |                                                   | rgb2dvi/U0/ClockGenInternal.ClockGenX/in0                                     |                1 |              2 |
|  clk_10/inst/clk_out1                  |                                                   | rgb2dvi/U0/ClockGenInternal.ClockGenX/LockLostReset/SyncAsyncx/oSyncStages[1] |                1 |              4 |
|  Signal_Pulse_BUFG                     | Driver_ADC0/Freq_Cal0/Measure_Num_Cnt[19]_i_1_n_0 | Driver_ADC0/Freq_Cal0/Period[12]_i_1_n_0                                      |                1 |              4 |
|  Signal_Pulse_BUFG                     | Driver_ADC0/Freq_Cal0/Measure_Num_Cnt[19]_i_1_n_0 | Driver_ADC0/Freq_Cal0/Period[15]_i_1_n_0                                      |                2 |              7 |
|  clk_10/inst/clk_out1                  |                                                   | rgb2dvi/U0/DataEncoders[0].DataEncoder/pDataOutRaw[9]_i_1__1_n_0              |                5 |             10 |
|  clk_10/inst/clk_out1                  | Driver_HDMI0/inst/Set_X0_carry__0_n_2             |                                                                               |                4 |             12 |
|  clk_10/inst/clk_out1                  | Driver_HDMI0/inst/Set_Y0_carry__0_n_2             |                                                                               |                3 |             12 |
|  clk_10/inst/clk_out1                  | Driver_HDMI0/inst/VSync_Cnt0                      |                                                                               |                3 |             12 |
|  Driver_ADC0/Clk_Division_ADC/inst/Clk |                                                   | Driver_ADC0/Addr_Cnt[15]_i_1_n_0                                              |                5 |             16 |
|  clk_10/inst/clk_out1                  |                                                   | rgb2dvi/U0/DataEncoders[0].DataEncoder/SR[0]                                  |               14 |             32 |
|  clk_10/inst/clk_out2                  |                                                   | Driver_ADC0/Clk_Division_ADC/inst/Count[0]_i_1_n_0                            |                8 |             32 |
|  clk_10/inst/clk_out2                  |                                                   |                                                                               |               10 |             34 |
|  Signal_Pulse_BUFG                     | Driver_ADC0/Freq_Cal0/Measure_Num_Cnt[19]_i_2_n_0 | Driver_ADC0/Freq_Cal0/Measure_Num_Cnt[19]_i_1_n_0                             |               13 |             52 |
|  clk_10/inst/clk_out1                  |                                                   |                                                                               |               31 |             79 |
+----------------------------------------+---------------------------------------------------+-------------------------------------------------------------------------------+------------------+----------------+


